Testing AI Flow Generation...

Prompt: "Send a welcome email when a new lead is created"
Response: {"message":"Failed to generate workflow","error":"Gemini Error: [GoogleGenerativeAI Error]: Error fetching from https://generativelanguage.googleapis.com/v1beta/models/gemini-1.5-flash:generateContent: [404 Not Found] models/gemini-1.5-flash is not found for API version v1beta, or is not supported for generateContent. Call ListModels to see the list of available models and their supported methods.","stack":"Error: Gemini Error: [GoogleGenerativeAI Error]: Error fetching from https://generativelanguage.googleapis.com/v1beta/models/gemini-1.5-flash:generateContent: [404 Not Found] models/gemini-1.5-flash is not found for API version v1beta, or is not supported for generateContent. Call ListModels to see the list of available models and their supported methods.\n    at /Users/krishnaprasad/Documents/CRM/server/src/services/aiService.ts:96:15\n    at Generator.throw (<anonymous>)\n    at rejected (/Users/krishnaprasad/Documents/CRM/server/src/services/aiService.ts:6:65)\n    at processTicksAndRejections (node:internal/process/task_queues:103:5)"}

Prompt: "Notify me if a task is overdue"
Response: {"message":"Failed to generate workflow","error":"Gemini Error: [GoogleGenerativeAI Error]: Error fetching from https://generativelanguage.googleapis.com/v1beta/models/gemini-1.5-flash:generateContent: [404 Not Found] models/gemini-1.5-flash is not found for API version v1beta, or is not supported for generateContent. Call ListModels to see the list of available models and their supported methods.","stack":"Error: Gemini Error: [GoogleGenerativeAI Error]: Error fetching from https://generativelanguage.googleapis.com/v1beta/models/gemini-1.5-flash:generateContent: [404 Not Found] models/gemini-1.5-flash is not found for API version v1beta, or is not supported for generateContent. Call ListModels to see the list of available models and their supported methods.\n    at /Users/krishnaprasad/Documents/CRM/server/src/services/aiService.ts:96:15\n    at Generator.throw (<anonymous>)\n    at rejected (/Users/krishnaprasad/Documents/CRM/server/src/services/aiService.ts:6:65)\n    at processTicksAndRejections (node:internal/process/task_queues:103:5)"}
